2026-10-03T19:54:03.1388964Z Current runner version: '2.337.0'
2026-10-03T19:54:03.1423398Z ##[group]Runner Image Provisioner
2026-10-03T19:54:03.1424635Z Hosted Compute Agent
2026-10-03T19:54:03.1425402Z Version: 20260901.588
2026-10-03T19:54:03.1426303Z Commit: f88ec8081b781fac6c440065ac7ff9e710ce3d0b
2026-10-03T19:54:03.1427320Z Build Date: 2026-09-01T19:56:44Z
2026-10-03T19:54:03.1428244Z Worker ID: {5412e0ef-b9ad-4426-9f95-632701480f6f}
2026-10-03T19:54:03.1429433Z Azure Region: centralus
2026-10-03T19:54:03.1430151Z ##[endgroup]
2026-10-03T19:54:03.1431938Z ##[group]Operating System
2026-10-03T19:54:03.1432826Z Microsoft Windows Server 2022
2026-10-03T19:54:03.1433635Z 10.0.20348
2026-10-03T19:54:03.1434386Z Datacenter
2026-10-03T19:54:03.1435039Z ##[endgroup]
2026-10-03T19:54:03.1435748Z ##[group]Runner Image
2026-10-03T19:54:03.1436543Z Image: windows-2022
2026-10-03T19:54:03.1437276Z Version: 20260927.320.1
2026-10-03T19:54:03.1439452Z Included Software: https://github.com/actions/runner-images/blob/win22/20260927.320/images/windows/Windows2022-Readme.md
2026-10-03T19:54:03.1441889Z Image Release: https://github.com/actions/runner-images/releases/tag/win22%2F20260927.320
2026-10-03T19:54:03.1443346Z ##[endgroup]
2026-10-03T19:54:03.1444893Z ##[group]GITHUB_TOKEN Permissions
2026-10-03T19:54:03.1447979Z Contents: read
2026-10-03T19:54:03.1448817Z Metadata: read
2026-10-03T19:54:03.1449562Z ##[endgroup]
2026-10-03T19:54:03.1452496Z Secret source: Actions
2026-10-03T19:54:03.1453792Z Cache mode: write
2026-10-03T19:54:03.1454941Z Prepare workflow directory
2026-10-03T19:54:03.1908608Z Prepare all required actions
2026-10-03T19:54:03.1974756Z Getting action download info
2026-10-03T19:54:03.4813510Z Download action repository 'actions/checkout@11d5960a326750d5838078e36cf38b85af677262' (SHA:11d5960a326750d5838078e36cf38b85af677262)
2026-10-03T19:54:03.6338064Z Download action repository 'actions/upload-artifact@ea165f8d65b6e75b540449e92b4886f43607fa02' (SHA:ea165f8d65b6e75b540449e92b4886f43607fa02)
2026-10-03T19:54:03.9221910Z Complete job name: diagnostic
2026-10-03T19:54:04.1131749Z ##[group]Run actions/checkout@11d5960a326750d5838078e36cf38b85af677262
2026-10-03T19:54:04.1133045Z with:
2026-10-03T19:54:04.1133464Z   persist-credentials: false
2026-10-03T19:54:04.1133993Z   repository: lionellmisquitta/unruly
2026-10-03T19:54:04.1138052Z   token: ***
2026-10-03T19:54:04.1138463Z   ssh-strict: true
2026-10-03T19:54:04.1138867Z   ssh-user: git
2026-10-03T19:54:04.1139249Z   clean: true
2026-10-03T19:54:04.1139655Z   sparse-checkout-cone-mode: true
2026-10-03T19:54:04.1140156Z   fetch-depth: 1
2026-10-03T19:54:04.1140546Z   fetch-tags: false
2026-10-03T19:54:04.1140954Z   show-progress: true
2026-10-03T19:54:04.1141375Z   lfs: false
2026-10-03T19:54:04.1141746Z   submodules: false
2026-10-03T19:54:04.1142156Z   set-safe-directory: true
2026-10-03T19:54:04.1142623Z   allow-unsafe-pr-checkout: false
2026-10-03T19:54:04.1143296Z ##[endgroup]
2026-10-03T19:54:05.7798711Z Syncing repository: lionellmisquitta/unruly
2026-10-03T19:54:05.7803251Z ##[group]Getting Git version info
2026-10-03T19:54:05.7805381Z Working directory is 'D:\a\unruly\unruly'
2026-10-03T19:54:05.7808108Z [command]"C:\Program Files\Git\bin\git.exe" version
2026-10-03T19:54:05.7809613Z git version 2.55.0.windows.5
2026-10-03T19:54:05.7813940Z ##[endgroup]
2026-10-03T19:54:05.7820686Z Temporarily overriding HOME='D:\a\_temp\590c30ee-2cee-47f3-8c0e-6e17d940cac4' before making global git config changes
2026-10-03T19:54:05.7823354Z Adding repository directory to the temporary git global config as a safe directory
2026-10-03T19:54:05.7825750Z [command]"C:\Program Files\Git\bin\git.exe" config --global --add safe.directory D:\a\unruly\unruly
2026-10-03T19:54:05.7829280Z Deleting the contents of 'D:\a\unruly\unruly'
2026-10-03T19:54:05.7831007Z ##[group]Initializing the repository
2026-10-03T19:54:05.7832691Z [command]"C:\Program Files\Git\bin\git.exe" init D:\a\unruly\unruly
2026-10-03T19:54:05.7834303Z Initialized empty Git repository in D:/a/unruly/unruly/.git/
2026-10-03T19:54:05.7840977Z [command]"C:\Program Files\Git\bin\git.exe" remote add origin https://github.com/lionellmisquitta/unruly
2026-10-03T19:54:05.7845924Z ##[endgroup]
2026-10-03T19:54:05.7848080Z ##[group]Disabling automatic garbage collection
2026-10-03T19:54:05.7850121Z [command]"C:\Program Files\Git\bin\git.exe" config --local gc.auto 0
2026-10-03T19:54:05.7854592Z ##[endgroup]
2026-10-03T19:54:05.7857994Z ##[group]Setting up auth
2026-10-03T19:54:05.7861748Z [command]"C:\Program Files\Git\bin\git.exe" config --local --name-only --get-regexp core\.sshCommand
2026-10-03T19:54:05.7879373Z [command]"C:\Program Files\Git\bin\git.exe" submodule foreach --recursive "sh -c \"git config --local --name-only --get-regexp 'core\.sshCommand' && git config --local --unset-all 'core.sshCommand' || :\""
2026-10-03T19:54:06.1346428Z [command]"C:\Program Files\Git\bin\git.exe" config --local --name-only --get-regexp http\.https\:\/\/github\.com\/\.extraheader
2026-10-03T19:54:06.1669257Z [command]"C:\Program Files\Git\bin\git.exe" submodule foreach --recursive "sh -c \"git config --local --name-only --get-regexp 'http\.https\:\/\/github\.com\/\.extraheader' && git config --local --unset-all 'http.https://github.com/.extraheader' || :\""
2026-10-03T19:54:07.2287876Z [command]"C:\Program Files\Git\bin\git.exe" config --local --name-only --get-regexp ^includeIf\.gitdir:
2026-10-03T19:54:07.2741126Z [command]"C:\Program Files\Git\bin\git.exe" submodule foreach --recursive "git config --local --show-origin --name-only --get-regexp remote.origin.url"
2026-10-03T19:54:08.0125209Z [command]"C:\Program Files\Git\bin\git.exe" config --local http.https://github.com/.extraheader "AUTHORIZATION: basic ***"
2026-10-03T19:54:08.0567876Z ##[endgroup]
2026-10-03T19:54:08.0572027Z ##[group]Fetching the repository
2026-10-03T19:54:08.0638463Z [command]"C:\Program Files\Git\bin\git.exe" -c protocol.version=2 fetch --no-tags --prune --no-recurse-submodules --depth=1 origin +fb7ab408c8dabb48e31415e51e0201ba7bce1ab7:refs/remotes/origin/prep/native-windows-input-2026-10-04
2026-10-03T19:54:09.1485349Z From https://github.com/lionellmisquitta/unruly
2026-10-03T19:54:09.1487619Z  * [new ref]         fb7ab408c8dabb48e31415e51e0201ba7bce1ab7 -> origin/prep/native-windows-input-2026-10-04
2026-10-03T19:54:09.1519341Z ##[endgroup]
2026-10-03T19:54:09.1520173Z ##[group]Determining the checkout info
2026-10-03T19:54:09.1522310Z ##[endgroup]
2026-10-03T19:54:09.1532729Z [command]"C:\Program Files\Git\bin\git.exe" sparse-checkout disable
2026-10-03T19:54:09.1898143Z [command]"C:\Program Files\Git\bin\git.exe" config --local --unset-all extensions.worktreeConfig
2026-10-03T19:54:09.2133306Z ##[group]Checking out the ref
2026-10-03T19:54:09.2143811Z [command]"C:\Program Files\Git\bin\git.exe" checkout --progress --force -B prep/native-windows-input-2026-10-04 refs/remotes/origin/prep/native-windows-input-2026-10-04
2026-10-03T19:54:09.2921251Z Switched to a new branch 'prep/native-windows-input-2026-10-04'
2026-10-03T19:54:09.2990601Z branch 'prep/native-windows-input-2026-10-04' set up to track 'origin/prep/native-windows-input-2026-10-04'.
2026-10-03T19:54:09.3148415Z ##[endgroup]
2026-10-03T19:54:09.3508205Z [command]"C:\Program Files\Git\bin\git.exe" log -1 --format=%H
2026-10-03T19:54:09.3728627Z fb7ab408c8dabb48e31415e51e0201ba7bce1ab7
2026-10-03T19:54:09.3762742Z ##[group]Removing auth
2026-10-03T19:54:09.3772132Z [command]"C:\Program Files\Git\bin\git.exe" config --local --name-only --get-regexp core\.sshCommand
2026-10-03T19:54:09.4008673Z [command]"C:\Program Files\Git\bin\git.exe" submodule foreach --recursive "sh -c \"git config --local --name-only --get-regexp 'core\.sshCommand' && git config --local --unset-all 'core.sshCommand' || :\""
2026-10-03T19:54:10.0217805Z [command]"C:\Program Files\Git\bin\git.exe" config --local --name-only --get-regexp http\.https\:\/\/github\.com\/\.extraheader
2026-10-03T19:54:10.0425839Z http.https://github.com/.extraheader
2026-10-03T19:54:10.0461994Z [command]"C:\Program Files\Git\bin\git.exe" config --local --unset-all http.https://github.com/.extraheader
2026-10-03T19:54:10.0704530Z [command]"C:\Program Files\Git\bin\git.exe" submodule foreach --recursive "sh -c \"git config --local --name-only --get-regexp 'http\.https\:\/\/github\.com\/\.extraheader' && git config --local --unset-all 'http.https://github.com/.extraheader' || :\""
2026-10-03T19:54:10.8040046Z [command]"C:\Program Files\Git\bin\git.exe" config --local --name-only --get-regexp ^includeIf\.gitdir:
2026-10-03T19:54:10.8285014Z [command]"C:\Program Files\Git\bin\git.exe" submodule foreach --recursive "git config --local --show-origin --name-only --get-regexp remote.origin.url"
2026-10-03T19:54:11.3330085Z ##[endgroup]
2026-10-03T19:54:11.3679239Z ##[group]Run prototypes\windows-input-slice\build-windows.cmd --ci
2026-10-03T19:54:11.3679896Z [36;1mprototypes\windows-input-slice\build-windows.cmd --ci[0m
2026-10-03T19:54:11.3707030Z shell: C:\Windows\system32\cmd.EXE /D /E:ON /V:OFF /S /C "CALL "{0}""
2026-10-03T19:54:11.3707423Z ##[endgroup]
2026-10-03T19:54:11.9370504Z **********************************************************************
2026-10-03T19:54:11.9371586Z ** Visual Studio 2022 Developer Command Prompt v17.14.41
2026-10-03T19:54:11.9372274Z ** Copyright (c) 2025 Microsoft Corporation
2026-10-03T19:54:11.9372864Z **********************************************************************
2026-10-03T19:54:13.6768462Z [vcvarsall.bat] Environment initialized for: 'x64'
2026-10-03T19:54:14.0566634Z Compiler Passes:
2026-10-03T19:54:14.0768353Z  C:\Program Files\Microsoft Visual Studio\2022\Enterprise\VC\Tools\MSVC\14.44.35207\bin\HostX64\x64\cl.exe:        Version 19.44.35229.0
2026-10-03T19:54:14.1119194Z  C:\Program Files\Microsoft Visual Studio\2022\Enterprise\VC\Tools\MSVC\14.44.35207\bin\HostX64\x64\c1.dll:        Version 19.44.35229.0
2026-10-03T19:54:14.1449265Z  C:\Program Files\Microsoft Visual Studio\2022\Enterprise\VC\Tools\MSVC\14.44.35207\bin\HostX64\x64\c1xx.dll:      Version 19.44.35229.0
2026-10-03T19:54:14.1766019Z  C:\Program Files\Microsoft Visual Studio\2022\Enterprise\VC\Tools\MSVC\14.44.35207\bin\HostX64\x64\c2.dll:        Version 19.44.35229.0
2026-10-03T19:54:14.1772723Z  C:\Program Files\Microsoft Visual Studio\2022\Enterprise\VC\Tools\MSVC\14.44.35207\bin\HostX64\x64\c1xx.dll:      Version 19.44.35229.0
2026-10-03T19:54:14.2072706Z  C:\Program Files\Microsoft Visual Studio\2022\Enterprise\VC\Tools\MSVC\14.44.35207\bin\HostX64\x64\link.exe:      Version 14.44.35229.0
2026-10-03T19:54:14.2075025Z  C:\Program Files\Microsoft Visual Studio\2022\Enterprise\VC\Tools\MSVC\14.44.35207\bin\HostX64\x64\mspdb140.dll:  Version 14.44.35229.0
2026-10-03T19:54:14.2077844Z  C:\Program Files\Microsoft Visual Studio\2022\Enterprise\VC\Tools\MSVC\14.44.35207\bin\HostX64\x64\1033\clui.dll: Version 19.44.35229.0
2026-10-03T19:54:14.2115133Z 
2026-10-03T19:54:14.2231356Z windows_main.cpp
2026-10-03T19:54:21.8969789Z model_tests.cpp
2026-10-03T19:54:22.3431403Z W01 PASS
2026-10-03T19:54:22.3431881Z W02 PASS
2026-10-03T19:54:22.3432220Z W03 PASS
2026-10-03T19:54:22.3432524Z W04 PASS
2026-10-03T19:54:22.3432792Z W05 PASS
2026-10-03T19:54:22.3433075Z W06 PASS
2026-10-03T19:54:22.3434489Z W07 PASS
2026-10-03T19:54:22.3434793Z W08 PASS
2026-10-03T19:54:22.3435084Z W09 PASS
2026-10-03T19:54:22.3435404Z cases=9 passed=9 failed=0
2026-10-03T19:54:22.3844221Z ##[group]Run ./prototypes/windows-input-slice/smoke-windows.ps1
2026-10-03T19:54:22.3844772Z [36;1m./prototypes/windows-input-slice/smoke-windows.ps1[0m
2026-10-03T19:54:22.3941574Z shell: C:\Program Files\PowerShell\7\pwsh.EXE -command ". '{0}'"
2026-10-03T19:54:22.3941927Z ##[endgroup]
2026-10-03T19:54:25.3735022Z ##[group]Run $root = 'prototypes/windows-input-slice'
2026-10-03T19:54:25.3735568Z [36;1m$root = 'prototypes/windows-input-slice'[0m
2026-10-03T19:54:25.3736314Z [36;1m$files = @('capture_model.hpp','windows_main.cpp','model_tests.cpp','build-windows.cmd','smoke-windows.ps1','build/unruly-windows-input.exe','build/model_tests.exe')[0m
2026-10-03T19:54:25.3737502Z [36;1m$identities = $files | ForEach-Object { $h = Get-FileHash "$root/$_" -Algorithm SHA256; @{ path=$_; sha256=$h.Hash } }[0m
2026-10-03T19:54:25.3740345Z [36;1m@{ commit='fb7ab408c8dabb48e31415e51e0201ba7bce1ab7'; runner='windows-2022'; production_authorized=$false; physical_pen='NOT_VERIFIED'; files=$identities } | ConvertTo-Json -Depth 5 | Set-Content "$root/build/identity.json"[0m
2026-10-03T19:54:25.3741397Z [36;1mCopy-Item "$root/README.md", LICENSE -Destination "$root/build"[0m
2026-10-03T19:54:25.3742226Z [36;1mGet-ChildItem 'C:/Program Files (x86)/Windows Kits/10/Include' -Directory | Select-Object Name | ConvertTo-Json | Set-Content "$root/build/available-sdk.json"[0m
2026-10-03T19:54:25.3779277Z shell: C:\Program Files\PowerShell\7\pwsh.EXE -command ". '{0}'"
2026-10-03T19:54:25.3779650Z ##[endgroup]
2026-10-03T19:54:25.9562832Z ##[group]Run actions/upload-artifact@ea165f8d65b6e75b540449e92b4886f43607fa02
2026-10-03T19:54:25.9563348Z with:
2026-10-03T19:54:25.9563586Z   name: unruly-native-windows-input
2026-10-03T19:54:25.9564746Z   path: prototypes/windows-input-slice/build/unruly-windows-input.exe
prototypes/windows-input-slice/build/model_tests.exe
prototypes/windows-input-slice/build/*.json
prototypes/windows-input-slice/build/README.md
prototypes/windows-input-slice/build/LICENSE

2026-10-03T19:54:25.9565795Z   if-no-files-found: error
2026-10-03T19:54:25.9566025Z   retention-days: 7
2026-10-03T19:54:25.9566237Z   compression-level: 6
2026-10-03T19:54:25.9566444Z   overwrite: false
2026-10-03T19:54:25.9566646Z   include-hidden-files: false
2026-10-03T19:54:25.9566877Z ##[endgroup]
2026-10-03T19:54:26.1523715Z (node:2636) [DEP0040] DeprecationWarning: The `punycode` module is deprecated. Please use a userland alternative instead.
2026-10-03T19:54:26.1525171Z (Use `node --trace-deprecation ...` to show where the warning was created)
2026-10-03T19:54:26.1637443Z With the provided path, there will be 7 files uploaded
2026-10-03T19:54:26.1644259Z Artifact name is valid!
2026-10-03T19:54:26.1644806Z Root directory input is valid!
2026-10-03T19:54:26.4771386Z Beginning upload of artifact content to blob storage
2026-10-03T19:54:26.5427775Z (node:2636) [DEP0169] DeprecationWarning: `url.parse()` behavior is not standardized and prone to errors that have security implications. Use the WHATWG URL API instead. CVEs are not issued for `url.parse()` vulnerabilities.
2026-10-03T19:54:26.8265604Z Uploaded bytes 235127
2026-10-03T19:54:26.8634794Z Finished uploading artifact content to blob storage!
2026-10-03T19:54:26.8646960Z SHA256 digest of uploaded artifact zip is 23ecccf5af893c808989776d0b4f4887ca635a45b53c875c0f4bad3e3dd8ee6e
2026-10-03T19:54:26.8647986Z Finalizing artifact upload
2026-10-03T19:54:27.1064663Z Artifact unruly-native-windows-input.zip successfully finalized. Artifact ID 11283555927
2026-10-03T19:54:27.1066077Z Artifact unruly-native-windows-input has been successfully uploaded! Final size is 235127 bytes. Artifact ID is 11283555927
2026-10-03T19:54:27.1075667Z Artifact download URL: https://github.com/lionellmisquitta/unruly/actions/runs/37149560536/artifacts/11283555927
2026-10-03T19:54:27.1485573Z Post job cleanup.
2026-10-03T19:54:27.3675489Z [command]"C:\Program Files\Git\bin\git.exe" version
2026-10-03T19:54:27.3967560Z git version 2.55.0.windows.5
2026-10-03T19:54:27.4207555Z Temporarily overriding HOME='D:\a\_temp\f182a19c-07c2-4b43-9fd3-b8222b90f508' before making global git config changes
2026-10-03T19:54:27.4235014Z Adding repository directory to the temporary git global config as a safe directory
2026-10-03T19:54:27.4268406Z [command]"C:\Program Files\Git\bin\git.exe" config --global --add safe.directory D:\a\unruly\unruly
2026-10-03T19:54:27.4500346Z [command]"C:\Program Files\Git\bin\git.exe" config --local --name-only --get-regexp core\.sshCommand
2026-10-03T19:54:27.4891312Z [command]"C:\Program Files\Git\bin\git.exe" submodule foreach --recursive "sh -c \"git config --local --name-only --get-regexp 'core\.sshCommand' && git config --local --unset-all 'core.sshCommand' || :\""
2026-10-03T19:54:28.3171014Z [command]"C:\Program Files\Git\bin\git.exe" config --local --name-only --get-regexp http\.https\:\/\/github\.com\/\.extraheader
2026-10-03T19:54:28.3531072Z [command]"C:\Program Files\Git\bin\git.exe" submodule foreach --recursive "sh -c \"git config --local --name-only --get-regexp 'http\.https\:\/\/github\.com\/\.extraheader' && git config --local --unset-all 'http.https://github.com/.extraheader' || :\""
2026-10-03T19:54:28.9897272Z [command]"C:\Program Files\Git\bin\git.exe" config --local --name-only --get-regexp ^includeIf\.gitdir:
2026-10-03T19:54:29.0169556Z [command]"C:\Program Files\Git\bin\git.exe" submodule foreach --recursive "git config --local --show-origin --name-only --get-regexp remote.origin.url"
2026-10-03T19:54:30.2425350Z Cleaning up orphan processes
2026-10-03T19:54:30.2760964Z Terminate orphan process: pid (7920) (vctip)
2026-10-03T19:54:30.3373629Z ##[warning]Node.js 20 is deprecated. The following actions target Node.js 20 but are being forced to run on Node.js 24: actions/checkout@11d5960a326750d5838078e36cf38b85af677262, actions/upload-artifact@ea165f8d65b6e75b540449e92b4886f43607fa02. For more information see: https://github.blog/changelog/2025-09-19-deprecation-of-node-20-on-github-actions-runners/

