2026-10-08T06:44:50.0792603Z Current runner version: '2.337.0'
2026-10-08T06:44:50.0817866Z ##[group]Runner Image Provisioner
2026-10-08T06:44:50.0818595Z Hosted Compute Agent
2026-10-08T06:44:50.0819055Z Version: 20260901.588
2026-10-08T06:44:50.0819708Z Commit: f88ec8081b781fac6c440065ac7ff9e710ce3d0b
2026-10-08T06:44:50.0820373Z Build Date: 2026-09-01T19:56:44Z
2026-10-08T06:44:50.0820974Z Worker ID: {102ea6be-17a1-4252-a1ed-8c94954da790}
2026-10-08T06:44:50.0821563Z Azure Region: eastus
2026-10-08T06:44:50.0822060Z ##[endgroup]
2026-10-08T06:44:50.0823264Z ##[group]Operating System
2026-10-08T06:44:50.0823806Z Ubuntu
2026-10-08T06:44:50.0824274Z 24.04.5
2026-10-08T06:44:50.0824846Z LTS
2026-10-08T06:44:50.0825274Z ##[endgroup]
2026-10-08T06:44:50.0825787Z ##[group]Runner Image
2026-10-08T06:44:50.0826345Z Image: ubuntu-24.04
2026-10-08T06:44:50.0827161Z Version: 20260927.320.1
2026-10-08T06:44:50.0828289Z Included Software: https://github.com/actions/runner-images/blob/ubuntu24/20260927.320/images/ubuntu/Ubuntu2404-Readme.md
2026-10-08T06:44:50.0829571Z Image Release: https://github.com/actions/runner-images/releases/tag/ubuntu24%2F20260927.320
2026-10-08T06:44:50.0830373Z ##[endgroup]
2026-10-08T06:44:50.0831366Z ##[group]GITHUB_TOKEN Permissions
2026-10-08T06:44:50.0833323Z Contents: read
2026-10-08T06:44:50.0833871Z Metadata: read
2026-10-08T06:44:50.0834376Z Pages: write
2026-10-08T06:44:50.0834967Z ##[endgroup]
2026-10-08T06:44:50.0836969Z Secret source: Actions
2026-10-08T06:44:50.0837779Z Cache mode: write
2026-10-08T06:44:50.0838604Z Prepare workflow directory
2026-10-08T06:44:50.1112762Z Prepare all required actions
2026-10-08T06:44:50.1152785Z Getting action download info
2026-10-08T06:44:50.3309326Z Download action repository 'actions/checkout@11d5960a326750d5838078e36cf38b85af677262' (SHA:11d5960a326750d5838078e36cf38b85af677262)
2026-10-08T06:44:50.5770527Z Download action repository 'actions/configure-pages@983d7736d9b0ae728b81ab479565c72886d7745b' (SHA:983d7736d9b0ae728b81ab479565c72886d7745b)
2026-10-08T06:44:50.7402843Z Download action repository 'actions/upload-pages-artifact@56afc609e74202658d3ffba0e8f6dda462b719fa' (SHA:56afc609e74202658d3ffba0e8f6dda462b719fa)
2026-10-08T06:44:50.8447766Z Download action repository 'actions/deploy-pages@d6db90164ac5ed86f2b6aed7e0febac5b3c0c03e' (SHA:d6db90164ac5ed86f2b6aed7e0febac5b3c0c03e)
2026-10-08T06:44:51.1557884Z Getting action download info
2026-10-08T06:44:51.2391111Z Download action repository 'actions/upload-artifact@v4' (SHA:ea165f8d65b6e75b540449e92b4886f43607fa02)
2026-10-08T06:44:51.6804144Z Complete job name: preview
2026-10-08T06:44:51.7545908Z ##[group]Run actions/checkout@11d5960a326750d5838078e36cf38b85af677262
2026-10-08T06:44:51.7547448Z with:
2026-10-08T06:44:51.7548346Z   ref: d7d31b0d630a045055ef569e6a04517788aa14f9
2026-10-08T06:44:51.7549450Z   persist-credentials: false
2026-10-08T06:44:51.7550392Z   repository: lionellmisquitta/unruly
2026-10-08T06:44:51.7557552Z   token: ***
2026-10-08T06:44:51.7558336Z   ssh-strict: true
2026-10-08T06:44:51.7559173Z   ssh-user: git
2026-10-08T06:44:51.7560033Z   clean: true
2026-10-08T06:44:51.7560866Z   sparse-checkout-cone-mode: true
2026-10-08T06:44:51.7561830Z   fetch-depth: 1
2026-10-08T06:44:51.7562621Z   fetch-tags: false
2026-10-08T06:44:51.7563416Z   show-progress: true
2026-10-08T06:44:51.7564317Z   lfs: false
2026-10-08T06:44:51.7565216Z   submodules: false
2026-10-08T06:44:51.7566123Z   set-safe-directory: true
2026-10-08T06:44:51.7567034Z   allow-unsafe-pr-checkout: false
2026-10-08T06:44:51.7568187Z ##[endgroup]
2026-10-08T06:44:51.8433382Z Syncing repository: lionellmisquitta/unruly
2026-10-08T06:44:51.8436615Z ##[group]Getting Git version info
2026-10-08T06:44:51.8437914Z Working directory is '/home/runner/work/unruly/unruly'
2026-10-08T06:44:51.8439675Z [command]/usr/bin/git version
2026-10-08T06:44:51.8637047Z git version 2.55.0
2026-10-08T06:44:51.8655172Z ##[endgroup]
2026-10-08T06:44:51.8669078Z Temporarily overriding HOME='/home/runner/work/_temp/805c4147-43b3-4a0c-9dfd-15c1c5c709e9' before making global git config changes
2026-10-08T06:44:51.8673448Z Adding repository directory to the temporary git global config as a safe directory
2026-10-08T06:44:51.8676776Z [command]/usr/bin/git config --global --add safe.directory /home/runner/work/unruly/unruly
2026-10-08T06:44:51.8720883Z Deleting the contents of '/home/runner/work/unruly/unruly'
2026-10-08T06:44:51.8727058Z ##[group]Initializing the repository
2026-10-08T06:44:51.8730418Z [command]/usr/bin/git init /home/runner/work/unruly/unruly
2026-10-08T06:44:51.8836509Z hint: Using 'master' as the name for the initial branch. This default branch name
2026-10-08T06:44:51.8839319Z hint: will change to "main" in Git 3.0. To configure the initial branch name
2026-10-08T06:44:51.8841625Z hint: to use in all of your new repositories, which will suppress this warning,
2026-10-08T06:44:51.8843470Z hint: call:
2026-10-08T06:44:51.8844442Z hint:
2026-10-08T06:44:51.8845757Z hint: 	git config --global init.defaultBranch <name>
2026-10-08T06:44:51.8847035Z hint:
2026-10-08T06:44:51.8848212Z hint: Names commonly chosen instead of 'master' are 'main', 'trunk' and
2026-10-08T06:44:51.8850147Z hint: 'development'. The just-created branch can be renamed via this command:
2026-10-08T06:44:51.8851598Z hint:
2026-10-08T06:44:51.8852507Z hint: 	git branch -m <name>
2026-10-08T06:44:51.8853524Z hint:
2026-10-08T06:44:51.8854949Z hint: Disable this message with "git config set advice.defaultBranchName false"
2026-10-08T06:44:51.8856844Z Initialized empty Git repository in /home/runner/work/unruly/unruly/.git/
2026-10-08T06:44:51.8861038Z [command]/usr/bin/git remote add origin https://github.com/lionellmisquitta/unruly
2026-10-08T06:44:51.8903126Z ##[endgroup]
2026-10-08T06:44:51.8905305Z ##[group]Disabling automatic garbage collection
2026-10-08T06:44:51.8908244Z [command]/usr/bin/git config --local gc.auto 0
2026-10-08T06:44:51.8959762Z ##[endgroup]
2026-10-08T06:44:51.8961655Z ##[group]Setting up auth
2026-10-08T06:44:51.8963414Z [command]/usr/bin/git config --local --name-only --get-regexp core\.sshCommand
2026-10-08T06:44:51.8993892Z [command]/usr/bin/git submodule foreach --recursive sh -c "git config --local --name-only --get-regexp 'core\.sshCommand' && git config --local --unset-all 'core.sshCommand' || :"
2026-10-08T06:44:51.9308633Z [command]/usr/bin/git config --local --name-only --get-regexp http\.https\:\/\/github\.com\/\.extraheader
2026-10-08T06:44:51.9342606Z [command]/usr/bin/git submodule foreach --recursive sh -c "git config --local --name-only --get-regexp 'http\.https\:\/\/github\.com\/\.extraheader' && git config --local --unset-all 'http.https://github.com/.extraheader' || :"
2026-10-08T06:44:51.9538713Z [command]/usr/bin/git config --local --name-only --get-regexp ^includeIf\.gitdir:
2026-10-08T06:44:51.9571491Z [command]/usr/bin/git submodule foreach --recursive git config --local --show-origin --name-only --get-regexp remote.origin.url
2026-10-08T06:44:51.9765226Z [command]/usr/bin/git config --local http.https://github.com/.extraheader AUTHORIZATION: basic ***
2026-10-08T06:44:51.9802961Z ##[endgroup]
2026-10-08T06:44:51.9804413Z ##[group]Fetching the repository
2026-10-08T06:44:51.9810927Z [command]/usr/bin/git -c protocol.version=2 fetch --no-tags --prune --no-recurse-submodules --depth=1 origin d7d31b0d630a045055ef569e6a04517788aa14f9
2026-10-08T06:44:52.6342726Z From https://github.com/lionellmisquitta/unruly
2026-10-08T06:44:52.6344884Z  * branch            d7d31b0d630a045055ef569e6a04517788aa14f9 -> FETCH_HEAD
2026-10-08T06:44:52.6348108Z ##[endgroup]
2026-10-08T06:44:52.6349421Z ##[group]Determining the checkout info
2026-10-08T06:44:52.6350803Z ##[endgroup]
2026-10-08T06:44:52.6353590Z [command]/usr/bin/git sparse-checkout disable
2026-10-08T06:44:52.6404065Z [command]/usr/bin/git config --local --unset-all extensions.worktreeConfig
2026-10-08T06:44:52.6435617Z ##[group]Checking out the ref
2026-10-08T06:44:52.6436882Z [command]/usr/bin/git checkout --progress --force d7d31b0d630a045055ef569e6a04517788aa14f9
2026-10-08T06:44:52.7920864Z Note: switching to 'd7d31b0d630a045055ef569e6a04517788aa14f9'.
2026-10-08T06:44:52.7922071Z 
2026-10-08T06:44:52.7922675Z You are in 'detached HEAD' state. You can look around, make experimental
2026-10-08T06:44:52.7924170Z changes and commit them, and you can discard any commits you make in this
2026-10-08T06:44:52.7925811Z state without impacting any branches by switching back to a branch.
2026-10-08T06:44:52.7926700Z 
2026-10-08T06:44:52.7927280Z If you want to create a new branch to retain commits you create, you may
2026-10-08T06:44:52.7928692Z do so (now or later) by using -c with the switch command. Example:
2026-10-08T06:44:52.7929487Z 
2026-10-08T06:44:52.7929850Z   git switch -c <new-branch-name>
2026-10-08T06:44:52.7930405Z 
2026-10-08T06:44:52.7930743Z Or undo this operation with:
2026-10-08T06:44:52.7931266Z 
2026-10-08T06:44:52.7931578Z   git switch -
2026-10-08T06:44:52.7932000Z 
2026-10-08T06:44:52.7932616Z Turn off this advice by setting config variable advice.detachedHead to false
2026-10-08T06:44:52.7933564Z 
2026-10-08T06:44:52.7934287Z HEAD is now at d7d31b0 Add active layer clearing and global pen button settings in preview
2026-10-08T06:44:52.7947905Z ##[endgroup]
2026-10-08T06:44:52.7994102Z [command]/usr/bin/git log -1 --format=%H
2026-10-08T06:44:52.8021413Z d7d31b0d630a045055ef569e6a04517788aa14f9
2026-10-08T06:44:52.8036954Z ##[group]Removing auth
2026-10-08T06:44:52.8040070Z [command]/usr/bin/git config --local --name-only --get-regexp core\.sshCommand
2026-10-08T06:44:52.8073716Z [command]/usr/bin/git submodule foreach --recursive sh -c "git config --local --name-only --get-regexp 'core\.sshCommand' && git config --local --unset-all 'core.sshCommand' || :"
2026-10-08T06:44:52.8272126Z [command]/usr/bin/git config --local --name-only --get-regexp http\.https\:\/\/github\.com\/\.extraheader
2026-10-08T06:44:52.8299417Z http.https://github.com/.extraheader
2026-10-08T06:44:52.8305586Z [command]/usr/bin/git config --local --unset-all http.https://github.com/.extraheader
2026-10-08T06:44:52.8337445Z [command]/usr/bin/git submodule foreach --recursive sh -c "git config --local --name-only --get-regexp 'http\.https\:\/\/github\.com\/\.extraheader' && git config --local --unset-all 'http.https://github.com/.extraheader' || :"
2026-10-08T06:44:52.8533133Z [command]/usr/bin/git config --local --name-only --get-regexp ^includeIf\.gitdir:
2026-10-08T06:44:52.8567642Z [command]/usr/bin/git submodule foreach --recursive git config --local --show-origin --name-only --get-regexp remote.origin.url
2026-10-08T06:44:52.8762596Z ##[endgroup]
2026-10-08T06:44:52.8965922Z ##[group]Run test "$(git rev-parse HEAD)" = "d7d31b0d630a045055ef569e6a04517788aa14f9"
2026-10-08T06:44:52.8967494Z [36;1mtest "$(git rev-parse HEAD)" = "d7d31b0d630a045055ef569e6a04517788aa14f9"[0m
2026-10-08T06:44:53.0670672Z shell: /usr/bin/bash -e {0}
2026-10-08T06:44:53.0671019Z ##[endgroup]
2026-10-08T06:44:53.0838074Z ##[group]Run actions/configure-pages@983d7736d9b0ae728b81ab479565c72886d7745b
2026-10-08T06:44:53.0838448Z with:
2026-10-08T06:44:53.0838650Z   enablement: false
2026-10-08T06:44:53.0840768Z   token: ***
2026-10-08T06:44:53.0840970Z ##[endgroup]
2026-10-08T06:44:53.3437736Z ##[group]Run actions/upload-pages-artifact@56afc609e74202658d3ffba0e8f6dda462b719fa
2026-10-08T06:44:53.3438139Z with:
2026-10-08T06:44:53.3438369Z   path: prototypes/browser-workspace
2026-10-08T06:44:53.3438635Z   name: github-pages
2026-10-08T06:44:53.3438860Z   retention-days: 1
2026-10-08T06:44:53.3439070Z env:
2026-10-08T06:44:53.3439267Z   GITHUB_PAGES: true
2026-10-08T06:44:53.3439475Z ##[endgroup]
2026-10-08T06:44:53.3492312Z ##[start-action display=Archive artifact;id=__actions_upload-pages-artifact.__run]
2026-10-08T06:44:53.3527660Z ##[group]Run echo ::group::Archive artifact
2026-10-08T06:44:53.3528026Z [36;1mecho ::group::Archive artifact[0m
2026-10-08T06:44:53.3528299Z [36;1mtar \[0m
2026-10-08T06:44:53.3528558Z [36;1m  --dereference --hard-dereference \[0m
2026-10-08T06:44:53.3528857Z [36;1m  --directory "$INPUT_PATH" \[0m
2026-10-08T06:44:53.3529153Z [36;1m  -cvf "$RUNNER_TEMP/artifact.tar" \[0m
2026-10-08T06:44:53.3529595Z [36;1m  --exclude=.git \[0m
2026-10-08T06:44:53.3529883Z [36;1m  --exclude=.github \[0m
2026-10-08T06:44:53.3530128Z [36;1m  .[0m
2026-10-08T06:44:53.3530346Z [36;1mecho ::endgroup::[0m
2026-10-08T06:44:53.3553791Z shell: /usr/bin/sh -e {0}
2026-10-08T06:44:53.3554052Z env:
2026-10-08T06:44:53.3554264Z   GITHUB_PAGES: true
2026-10-08T06:44:53.3554523Z   INPUT_PATH: prototypes/browser-workspace
2026-10-08T06:44:53.3554901Z ##[endgroup]
2026-10-08T06:44:53.3589242Z ##[group]Archive artifact
2026-10-08T06:44:53.3600948Z ./
2026-10-08T06:44:53.3601270Z ./storage.js
2026-10-08T06:44:53.3601587Z ./pen-input.js
2026-10-08T06:44:53.3601883Z ./render.js
2026-10-08T06:44:53.3602164Z ./brushes.js
2026-10-08T06:44:53.3602459Z ./manifest.webmanifest
2026-10-08T06:44:53.3602789Z ./pressure-ui.js
2026-10-08T06:44:53.3603116Z ./selection.js
2026-10-08T06:44:53.3603405Z ./index.html
2026-10-08T06:44:53.3603687Z ./gestures.js
2026-10-08T06:44:53.3603995Z ./sw.js
2026-10-08T06:44:53.3604267Z ./icon.svg
2026-10-08T06:44:53.3604546Z ./app.js
2026-10-08T06:44:53.3604976Z ./README.md
2026-10-08T06:44:53.3605245Z ./u2.js
2026-10-08T06:44:53.3605512Z ./style.css
2026-10-08T06:44:53.3605784Z ./shapes.js
2026-10-08T06:44:53.3606056Z ./model.js
2026-10-08T06:44:53.3606765Z ##[endgroup]
2026-10-08T06:44:53.3618468Z ##[end-action id=__actions_upload-pages-artifact.__run;outcome=success;conclusion=success;duration_ms=12]
2026-10-08T06:44:53.3622165Z ##[start-action display=Archive artifact;id=__actions_upload-pages-artifact.__run_2]
2026-10-08T06:44:53.3627226Z ##[end-action id=__actions_upload-pages-artifact.__run_2;outcome=skipped;conclusion=skipped;duration_ms=0]
2026-10-08T06:44:53.3629733Z ##[start-action display=Archive artifact;id=__actions_upload-pages-artifact.__run_3]
2026-10-08T06:44:53.3633174Z ##[end-action id=__actions_upload-pages-artifact.__run_3;outcome=skipped;conclusion=skipped;duration_ms=0]
2026-10-08T06:44:53.3635632Z ##[start-action display=Upload artifact;id=__actions_upload-pages-artifact.upload-artifact]
2026-10-08T06:44:53.3687615Z ##[group]Run actions/upload-artifact@v4
2026-10-08T06:44:53.3687887Z with:
2026-10-08T06:44:53.3688087Z   name: github-pages
2026-10-08T06:44:53.3688333Z   path: /home/runner/work/_temp/artifact.tar
2026-10-08T06:44:53.3688605Z   retention-days: 1
2026-10-08T06:44:53.3688822Z   if-no-files-found: error
2026-10-08T06:44:53.3689055Z   compression-level: 6
2026-10-08T06:44:53.3689272Z   overwrite: false
2026-10-08T06:44:53.3689494Z   include-hidden-files: false
2026-10-08T06:44:53.3689729Z env:
2026-10-08T06:44:53.3689925Z   GITHUB_PAGES: true
2026-10-08T06:44:53.3690138Z ##[endgroup]
2026-10-08T06:44:53.5012031Z (node:2219) [DEP0040] DeprecationWarning: The `punycode` module is deprecated. Please use a userland alternative instead.
2026-10-08T06:44:53.5012692Z (Use `node --trace-deprecation ...` to show where the warning was created)
2026-10-08T06:44:53.5050560Z With the provided path, there will be 1 file uploaded
2026-10-08T06:44:53.5062498Z Artifact name is valid!
2026-10-08T06:44:53.5063590Z Root directory input is valid!
2026-10-08T06:44:53.7218597Z Beginning upload of artifact content to blob storage
2026-10-08T06:44:53.7481247Z (node:2219) [DEP0169] DeprecationWarning: `url.parse()` behavior is not standardized and prone to errors that have security implications. Use the WHATWG URL API instead. CVEs are not issued for `url.parse()` vulnerabilities.
2026-10-08T06:44:53.8004298Z Uploaded bytes 48615
2026-10-08T06:44:53.8212683Z Finished uploading artifact content to blob storage!
2026-10-08T06:44:53.8213543Z SHA256 digest of uploaded artifact zip is 0ec4eb637624881e0d4148618ef98bae704abd60708d8a39fc872969050c8cac
2026-10-08T06:44:53.8214484Z Finalizing artifact upload
2026-10-08T06:44:54.0218606Z Artifact github-pages.zip successfully finalized. Artifact ID 11532793597
2026-10-08T06:44:54.0219626Z Artifact github-pages has been successfully uploaded! Final size is 48615 bytes. Artifact ID is 11532793597
2026-10-08T06:44:54.0227471Z Artifact download URL: https://github.com/lionellmisquitta/unruly/actions/runs/37739311854/artifacts/11532793597
2026-10-08T06:44:54.0351467Z ##[end-action id=__actions_upload-pages-artifact.upload-artifact;outcome=success;conclusion=success;duration_ms=671]
2026-10-08T06:44:54.0451012Z ##[group]Run actions/deploy-pages@d6db90164ac5ed86f2b6aed7e0febac5b3c0c03e
2026-10-08T06:44:54.0451400Z with:
2026-10-08T06:44:54.0453568Z   token: ***
2026-10-08T06:44:54.0453796Z   timeout: 600000
2026-10-08T06:44:54.0454022Z   error_count: 10
2026-10-08T06:44:54.0454251Z   reporting_interval: 5000
2026-10-08T06:44:54.0454504Z   artifact_name: github-pages
2026-10-08T06:44:54.0454992Z   preview: false
2026-10-08T06:44:54.0455255Z env:
2026-10-08T06:44:54.0455460Z   GITHUB_PAGES: true
2026-10-08T06:44:54.0455694Z ##[endgroup]
2026-10-08T06:44:54.1950390Z (node:2231) [DEP0040] DeprecationWarning: The `punycode` module is deprecated. Please use a userland alternative instead.
2026-10-08T06:44:54.1951130Z (Use `node --trace-deprecation ...` to show where the warning was created)
2026-10-08T06:44:54.2481495Z Fetching artifact metadata for "github-pages" in this workflow run
2026-10-08T06:44:54.3243925Z Found 1 artifact(s)
2026-10-08T06:44:54.3254135Z Creating Pages deployment with payload:
2026-10-08T06:44:54.3254632Z {
2026-10-08T06:44:54.3255117Z 	"artifact_id": 11532793597,
2026-10-08T06:44:54.3255674Z 	"pages_build_version": "716485ca340c06af00df379588f699e5189e569d",
2026-10-08T06:44:54.3312164Z 	"oidc_token": "***"
2026-10-08T06:44:54.3312608Z }
2026-10-08T06:44:55.0953239Z Created deployment for 716485ca340c06af00df379588f699e5189e569d, ID: 716485ca340c06af00df379588f699e5189e569d
2026-10-08T06:45:00.0961814Z Getting Pages deployment status...
2026-10-08T06:45:00.2227014Z Reported success!
2026-10-08T06:45:00.2384483Z ##[group]Run set -euo pipefail
2026-10-08T06:45:00.2385049Z [36;1mset -euo pipefail[0m
2026-10-08T06:45:00.2385337Z [36;1mmkdir -p /tmp/unruly-hosted[0m
2026-10-08T06:45:00.2385654Z [36;1mfor source in prototypes/browser-workspace/*; do[0m
2026-10-08T06:45:00.2385963Z [36;1m  asset=$(basename "$source")[0m
2026-10-08T06:45:00.2386200Z [36;1m  matched=false[0m
2026-10-08T06:45:00.2386409Z [36;1m  for attempt in $(seq 1 12); do[0m
2026-10-08T06:45:00.2387180Z [36;1m    if curl --fail --silent --show-error "https://lionellmisquitta.github.io/unruly/$asset?lset1=d7d31b0d630a045055ef569e6a04517788aa14f9" -o "/tmp/unruly-hosted/$asset" && cmp --silent "$source" "/tmp/unruly-hosted/$asset"; then[0m
2026-10-08T06:45:00.2387905Z [36;1m      matched=true[0m
2026-10-08T06:45:00.2388123Z [36;1m      break[0m
2026-10-08T06:45:00.2388309Z [36;1m    fi[0m
2026-10-08T06:45:00.2388491Z [36;1m    sleep 5[0m
2026-10-08T06:45:00.2388694Z [36;1m  done[0m
2026-10-08T06:45:00.2388928Z [36;1m  test "$matched" = true[0m
2026-10-08T06:45:00.2389181Z [36;1m  sha256sum "/tmp/unruly-hosted/$asset"[0m
2026-10-08T06:45:00.2389424Z [36;1mdone[0m
2026-10-08T06:45:00.2445318Z shell: /usr/bin/bash --noprofile --norc -e -o pipefail {0}
2026-10-08T06:45:00.2445639Z env:
2026-10-08T06:45:00.2445826Z   GITHUB_PAGES: true
2026-10-08T06:45:00.2446028Z ##[endgroup]
2026-10-08T06:45:00.4947136Z 3067a214433b4d8be2ba736f5b745b09aa624bcdbe40db30f2be4a9a4422c3b4  /tmp/unruly-hosted/README.md
2026-10-08T06:45:00.5530801Z 7a79a0faa53355a4571cd02c3d3e911ea55d8c3c27493ba75822613fd3d25fff  /tmp/unruly-hosted/app.js
2026-10-08T06:45:00.6057240Z b0c3fba3a1a03040c073a5d15787ef01505c244bd9c5d637ee4f632cfb5d9985  /tmp/unruly-hosted/brushes.js
2026-10-08T06:45:00.6443661Z 062e358c2cbb821637c4c15701d6b08fa5704dfc08963caf91231f8de7937a77  /tmp/unruly-hosted/gestures.js
2026-10-08T06:45:00.7091884Z bad6283a3938a5a9cad3628c4449262823849ea75cc3eb94adc7fdb3dbf00636  /tmp/unruly-hosted/icon.svg
2026-10-08T06:45:00.7732900Z 726bc6271a11fec61570af866b9cf0374b76c05af59c2eba4ca5c8ec230e38f6  /tmp/unruly-hosted/index.html
2026-10-08T06:45:00.8206056Z 37d4bd6fc8f2a9b3eff94df7f217693d808e2a159836f6a210adfa49becb32ea  /tmp/unruly-hosted/manifest.webmanifest
2026-10-08T06:45:00.8758850Z 7505237bd647d87b39b34380810dde9772b9e789cfae937abcd7c20343675733  /tmp/unruly-hosted/model.js
2026-10-08T06:45:00.9184036Z 7725bdae9aebc178a3caae9c77ad4b2b3486eaa9655c929837cf088cae4d317b  /tmp/unruly-hosted/pen-input.js
2026-10-08T06:45:00.9760733Z da067b06165d062a57e1d648f0b63a6ea1caa0972955d383dc1a369ebc787e08  /tmp/unruly-hosted/pressure-ui.js
2026-10-08T06:45:01.0242840Z b3b5c8bce566822195fa06a8f3f8096a7df72c75b6cb54e5aa42653bdde17724  /tmp/unruly-hosted/render.js
2026-10-08T06:45:01.0858245Z 2a39ee2678addf9f9d62480518cf22b68fc734cc45b54f1c1ee2b5613c766843  /tmp/unruly-hosted/selection.js
2026-10-08T06:45:01.1285851Z 7bd2c3e63038fa08ba13431cf40df0ec0116bcdf3b55307d8f05bd0bc3969253  /tmp/unruly-hosted/shapes.js
2026-10-08T06:45:01.1707336Z 87ca0271ede09256301a14350b79808dd0de53f939ccffc3d489826d62245791  /tmp/unruly-hosted/storage.js
2026-10-08T06:45:01.2101314Z de6b3235c8d5b859b3baa4aa1d5882e3e6ce15181e6506f2474449ac3520c209  /tmp/unruly-hosted/style.css
2026-10-08T06:45:01.2479630Z 350ae2687189637dd75b56bedde2858ced40e4bfdae577111bc072b1a6daa219  /tmp/unruly-hosted/sw.js
2026-10-08T06:45:01.3103358Z bf5703d976af17eee50d23d476c84ba01e9d6e75653ce068e4227003ec9e70d7  /tmp/unruly-hosted/u2.js
2026-10-08T06:45:01.3188347Z Post job cleanup.
2026-10-08T06:45:01.3860975Z [command]/usr/bin/git version
2026-10-08T06:45:01.3896721Z git version 2.55.0
2026-10-08T06:45:01.3928793Z Temporarily overriding HOME='/home/runner/work/_temp/56850e6b-69e5-422b-90f6-6a98a52391f7' before making global git config changes
2026-10-08T06:45:01.3929860Z Adding repository directory to the temporary git global config as a safe directory
2026-10-08T06:45:01.3932472Z [command]/usr/bin/git config --global --add safe.directory /home/runner/work/unruly/unruly
2026-10-08T06:45:01.3967553Z [command]/usr/bin/git config --local --name-only --get-regexp core\.sshCommand
2026-10-08T06:45:01.3999748Z [command]/usr/bin/git submodule foreach --recursive sh -c "git config --local --name-only --get-regexp 'core\.sshCommand' && git config --local --unset-all 'core.sshCommand' || :"
2026-10-08T06:45:01.4219326Z [command]/usr/bin/git config --local --name-only --get-regexp http\.https\:\/\/github\.com\/\.extraheader
2026-10-08T06:45:01.4252880Z [command]/usr/bin/git submodule foreach --recursive sh -c "git config --local --name-only --get-regexp 'http\.https\:\/\/github\.com\/\.extraheader' && git config --local --unset-all 'http.https://github.com/.extraheader' || :"
2026-10-08T06:45:01.4481766Z [command]/usr/bin/git config --local --name-only --get-regexp ^includeIf\.gitdir:
2026-10-08T06:45:01.4515631Z [command]/usr/bin/git submodule foreach --recursive git config --local --show-origin --name-only --get-regexp remote.origin.url
2026-10-08T06:45:01.4853543Z Evaluate and set environment url
2026-10-08T06:45:01.4857350Z Evaluated environment url: https://lionellmisquitta.github.io/unruly/
2026-10-08T06:45:01.4858169Z Cleaning up orphan processes
2026-10-08T06:45:01.5094515Z ##[warning]Node.js 20 is deprecated. The following actions target Node.js 20 but are being forced to run on Node.js 24: actions/checkout@11d5960a326750d5838078e36cf38b85af677262, actions/configure-pages@983d7736d9b0ae728b81ab479565c72886d7745b, actions/deploy-pages@d6db90164ac5ed86f2b6aed7e0febac5b3c0c03e, actions/upload-artifact@v4. For more information see: https://github.blog/changelog/2025-09-19-deprecation-of-node-20-on-github-actions-runners/

