2026-10-08T03:20:46.7085917Z Current runner version: '2.337.0'
2026-10-08T03:20:46.7109991Z ##[group]Runner Image Provisioner
2026-10-08T03:20:46.7111054Z Hosted Compute Agent
2026-10-08T03:20:46.7111667Z Version: 20261002.596
2026-10-08T03:20:46.7112272Z Commit: c3d12f3313a95f25162a1503be624f3b0617f8c0
2026-10-08T03:20:46.7113005Z Build Date: 2026-10-02T22:28:27Z
2026-10-08T03:20:46.7113649Z Worker ID: {b757fd7c-1e0f-4c9f-9187-f1ee1b2d2429}
2026-10-08T03:20:46.7114333Z Region: westus3
2026-10-08T03:20:46.7114852Z Cloud: Azure
2026-10-08T03:20:46.7115396Z ##[endgroup]
2026-10-08T03:20:46.7116707Z ##[group]Operating System
2026-10-08T03:20:46.7117419Z Ubuntu
2026-10-08T03:20:46.7117898Z 24.04.5
2026-10-08T03:20:46.7118439Z LTS
2026-10-08T03:20:46.7118936Z ##[endgroup]
2026-10-08T03:20:46.7119452Z ##[group]Runner Image
2026-10-08T03:20:46.7120065Z Image: ubuntu-24.04
2026-10-08T03:20:46.7120583Z Version: 20261004.327.1
2026-10-08T03:20:46.7122153Z Included Software: https://github.com/actions/runner-images/blob/ubuntu24/20261004.327/images/ubuntu/Ubuntu2404-Readme.md
2026-10-08T03:20:46.7123551Z Image Release: https://github.com/actions/runner-images/releases/tag/ubuntu24%2F20261004.327
2026-10-08T03:20:46.7125247Z ##[endgroup]
2026-10-08T03:20:46.7126394Z ##[group]GITHUB_TOKEN Permissions
2026-10-08T03:20:46.7128831Z Contents: read
2026-10-08T03:20:46.7129376Z Metadata: read
2026-10-08T03:20:46.7129932Z Pages: write
2026-10-08T03:20:46.7130448Z ##[endgroup]
2026-10-08T03:20:46.7132397Z Secret source: Actions
2026-10-08T03:20:46.7133265Z Cache mode: write
2026-10-08T03:20:46.7133888Z Prepare workflow directory
2026-10-08T03:20:46.7442001Z Prepare all required actions
2026-10-08T03:20:46.7490662Z Getting action download info
2026-10-08T03:20:47.0495847Z Download action repository 'actions/checkout@11d5960a326750d5838078e36cf38b85af677262' (SHA:11d5960a326750d5838078e36cf38b85af677262)
2026-10-08T03:20:47.1514242Z Download action repository 'actions/configure-pages@983d7736d9b0ae728b81ab479565c72886d7745b' (SHA:983d7736d9b0ae728b81ab479565c72886d7745b)
2026-10-08T03:20:47.7909811Z Download action repository 'actions/upload-pages-artifact@56afc609e74202658d3ffba0e8f6dda462b719fa' (SHA:56afc609e74202658d3ffba0e8f6dda462b719fa)
2026-10-08T03:20:48.0406631Z Download action repository 'actions/deploy-pages@d6db90164ac5ed86f2b6aed7e0febac5b3c0c03e' (SHA:d6db90164ac5ed86f2b6aed7e0febac5b3c0c03e)
2026-10-08T03:20:48.9938950Z Getting action download info
2026-10-08T03:20:49.1118170Z Download action repository 'actions/upload-artifact@v4' (SHA:ea165f8d65b6e75b540449e92b4886f43607fa02)
2026-10-08T03:20:49.2969242Z Complete job name: preview
2026-10-08T03:20:49.3628089Z ##[group]Run actions/checkout@11d5960a326750d5838078e36cf38b85af677262
2026-10-08T03:20:49.3628827Z with:
2026-10-08T03:20:49.3629273Z   ref: d522e76417a91b8d1a4636010ae10a2c7d53f9b7
2026-10-08T03:20:49.3629733Z   persist-credentials: false
2026-10-08T03:20:49.3630151Z   repository: lionellmisquitta/unruly
2026-10-08T03:20:49.3632810Z   token: ***
2026-10-08T03:20:49.3633144Z   ssh-strict: true
2026-10-08T03:20:49.3633517Z   ssh-user: git
2026-10-08T03:20:49.3633851Z   clean: true
2026-10-08T03:20:49.3634239Z   sparse-checkout-cone-mode: true
2026-10-08T03:20:49.3634660Z   fetch-depth: 1
2026-10-08T03:20:49.3634987Z   fetch-tags: false
2026-10-08T03:20:49.3635342Z   show-progress: true
2026-10-08T03:20:49.3635674Z   lfs: false
2026-10-08T03:20:49.3635991Z   submodules: false
2026-10-08T03:20:49.3636375Z   set-safe-directory: true
2026-10-08T03:20:49.3636747Z   allow-unsafe-pr-checkout: false
2026-10-08T03:20:49.3637515Z ##[endgroup]
2026-10-08T03:20:49.4626069Z Syncing repository: lionellmisquitta/unruly
2026-10-08T03:20:49.4628938Z ##[group]Getting Git version info
2026-10-08T03:20:49.4629719Z Working directory is '/home/runner/work/unruly/unruly'
2026-10-08T03:20:49.4630993Z [command]/usr/bin/git version
2026-10-08T03:20:49.4657229Z git version 2.55.0
2026-10-08T03:20:49.4675650Z ##[endgroup]
2026-10-08T03:20:49.4690023Z Temporarily overriding HOME='/home/runner/work/_temp/3a5c18a0-e88c-45f9-8e8b-189d56b90fc4' before making global git config changes
2026-10-08T03:20:49.4692165Z Adding repository directory to the temporary git global config as a safe directory
2026-10-08T03:20:49.4695168Z [command]/usr/bin/git config --global --add safe.directory /home/runner/work/unruly/unruly
2026-10-08T03:20:49.4746189Z Deleting the contents of '/home/runner/work/unruly/unruly'
2026-10-08T03:20:49.4748942Z ##[group]Initializing the repository
2026-10-08T03:20:49.4753348Z [command]/usr/bin/git init /home/runner/work/unruly/unruly
2026-10-08T03:20:49.4851415Z hint: Using 'master' as the name for the initial branch. This default branch name
2026-10-08T03:20:49.4852931Z hint: will change to "main" in Git 3.0. To configure the initial branch name
2026-10-08T03:20:49.4854380Z hint: to use in all of your new repositories, which will suppress this warning,
2026-10-08T03:20:49.4855515Z hint: call:
2026-10-08T03:20:49.4856271Z hint:
2026-10-08T03:20:49.4857533Z hint: 	git config --global init.defaultBranch <name>
2026-10-08T03:20:49.4858607Z hint:
2026-10-08T03:20:49.4859500Z hint: Names commonly chosen instead of 'master' are 'main', 'trunk' and
2026-10-08T03:20:49.4860754Z hint: 'development'. The just-created branch can be renamed via this command:
2026-10-08T03:20:49.4861829Z hint:
2026-10-08T03:20:49.4862725Z hint: 	git branch -m <name>
2026-10-08T03:20:49.4863536Z hint:
2026-10-08T03:20:49.4864361Z hint: Disable this message with "git config set advice.defaultBranchName false"
2026-10-08T03:20:49.4866127Z Initialized empty Git repository in /home/runner/work/unruly/unruly/.git/
2026-10-08T03:20:49.4869478Z [command]/usr/bin/git remote add origin https://github.com/lionellmisquitta/unruly
2026-10-08T03:20:49.4912873Z ##[endgroup]
2026-10-08T03:20:49.4914117Z ##[group]Disabling automatic garbage collection
2026-10-08T03:20:49.4915406Z [command]/usr/bin/git config --local gc.auto 0
2026-10-08T03:20:49.4944186Z ##[endgroup]
2026-10-08T03:20:49.4945318Z ##[group]Setting up auth
2026-10-08T03:20:49.4950434Z [command]/usr/bin/git config --local --name-only --get-regexp core\.sshCommand
2026-10-08T03:20:49.4978001Z [command]/usr/bin/git submodule foreach --recursive sh -c "git config --local --name-only --get-regexp 'core\.sshCommand' && git config --local --unset-all 'core.sshCommand' || :"
2026-10-08T03:20:49.5315194Z [command]/usr/bin/git config --local --name-only --get-regexp http\.https\:\/\/github\.com\/\.extraheader
2026-10-08T03:20:49.5350071Z [command]/usr/bin/git submodule foreach --recursive sh -c "git config --local --name-only --get-regexp 'http\.https\:\/\/github\.com\/\.extraheader' && git config --local --unset-all 'http.https://github.com/.extraheader' || :"
2026-10-08T03:20:49.5543931Z [command]/usr/bin/git config --local --name-only --get-regexp ^includeIf\.gitdir:
2026-10-08T03:20:49.5579059Z [command]/usr/bin/git submodule foreach --recursive git config --local --show-origin --name-only --get-regexp remote.origin.url
2026-10-08T03:20:49.5763188Z [command]/usr/bin/git config --local http.https://github.com/.extraheader AUTHORIZATION: basic ***
2026-10-08T03:20:49.5798372Z ##[endgroup]
2026-10-08T03:20:49.5799209Z ##[group]Fetching the repository
2026-10-08T03:20:49.5806784Z [command]/usr/bin/git -c protocol.version=2 fetch --no-tags --prune --no-recurse-submodules --depth=1 origin d522e76417a91b8d1a4636010ae10a2c7d53f9b7
2026-10-08T03:20:50.5564007Z From https://github.com/lionellmisquitta/unruly
2026-10-08T03:20:50.5564888Z  * branch            d522e76417a91b8d1a4636010ae10a2c7d53f9b7 -> FETCH_HEAD
2026-10-08T03:20:50.5575916Z ##[endgroup]
2026-10-08T03:20:50.5576701Z ##[group]Determining the checkout info
2026-10-08T03:20:50.5577490Z ##[endgroup]
2026-10-08T03:20:50.5579039Z [command]/usr/bin/git sparse-checkout disable
2026-10-08T03:20:50.5638734Z [command]/usr/bin/git config --local --unset-all extensions.worktreeConfig
2026-10-08T03:20:50.5666352Z ##[group]Checking out the ref
2026-10-08T03:20:50.5670719Z [command]/usr/bin/git checkout --progress --force d522e76417a91b8d1a4636010ae10a2c7d53f9b7
2026-10-08T03:20:50.5911151Z Note: switching to 'd522e76417a91b8d1a4636010ae10a2c7d53f9b7'.
2026-10-08T03:20:50.5911711Z 
2026-10-08T03:20:50.5912077Z You are in 'detached HEAD' state. You can look around, make experimental
2026-10-08T03:20:50.5912796Z changes and commit them, and you can discard any commits you make in this
2026-10-08T03:20:50.5913509Z state without impacting any branches by switching back to a branch.
2026-10-08T03:20:50.5913917Z 
2026-10-08T03:20:50.5914232Z If you want to create a new branch to retain commits you create, you may
2026-10-08T03:20:50.5914922Z do so (now or later) by using -c with the switch command. Example:
2026-10-08T03:20:50.5915308Z 
2026-10-08T03:20:50.5915482Z   git switch -c <new-branch-name>
2026-10-08T03:20:50.5915757Z 
2026-10-08T03:20:50.5915928Z Or undo this operation with:
2026-10-08T03:20:50.5916197Z 
2026-10-08T03:20:50.5916346Z   git switch -
2026-10-08T03:20:50.5916558Z 
2026-10-08T03:20:50.5916918Z Turn off this advice by setting config variable advice.detachedHead to false
2026-10-08T03:20:50.5917607Z 
2026-10-08T03:20:50.5918040Z HEAD is now at d522e76 Synchronize pen replay test with rendered canvas before exact comparison
2026-10-08T03:20:50.5920193Z ##[endgroup]
2026-10-08T03:20:50.5955812Z [command]/usr/bin/git log -1 --format=%H
2026-10-08T03:20:50.5976982Z d522e76417a91b8d1a4636010ae10a2c7d53f9b7
2026-10-08T03:20:50.5984910Z ##[group]Removing auth
2026-10-08T03:20:50.5988671Z [command]/usr/bin/git config --local --name-only --get-regexp core\.sshCommand
2026-10-08T03:20:50.6016633Z [command]/usr/bin/git submodule foreach --recursive sh -c "git config --local --name-only --get-regexp 'core\.sshCommand' && git config --local --unset-all 'core.sshCommand' || :"
2026-10-08T03:20:50.6214779Z [command]/usr/bin/git config --local --name-only --get-regexp http\.https\:\/\/github\.com\/\.extraheader
2026-10-08T03:20:50.6238556Z http.https://github.com/.extraheader
2026-10-08T03:20:50.6245729Z [command]/usr/bin/git config --local --unset-all http.https://github.com/.extraheader
2026-10-08T03:20:50.6277931Z [command]/usr/bin/git submodule foreach --recursive sh -c "git config --local --name-only --get-regexp 'http\.https\:\/\/github\.com\/\.extraheader' && git config --local --unset-all 'http.https://github.com/.extraheader' || :"
2026-10-08T03:20:50.6467306Z [command]/usr/bin/git config --local --name-only --get-regexp ^includeIf\.gitdir:
2026-10-08T03:20:50.6493579Z [command]/usr/bin/git submodule foreach --recursive git config --local --show-origin --name-only --get-regexp remote.origin.url
2026-10-08T03:20:50.6689990Z ##[endgroup]
2026-10-08T03:20:50.6860442Z ##[group]Run test "$(git rev-parse HEAD)" = "d522e76417a91b8d1a4636010ae10a2c7d53f9b7"
2026-10-08T03:20:50.6861061Z [36;1mtest "$(git rev-parse HEAD)" = "d522e76417a91b8d1a4636010ae10a2c7d53f9b7"[0m
2026-10-08T03:20:50.7035645Z shell: /usr/bin/bash -e {0}
2026-10-08T03:20:50.7035951Z ##[endgroup]
2026-10-08T03:20:50.7185553Z ##[group]Run actions/configure-pages@983d7736d9b0ae728b81ab479565c72886d7745b
2026-10-08T03:20:50.7185981Z with:
2026-10-08T03:20:50.7186192Z   enablement: false
2026-10-08T03:20:50.7188929Z   token: ***
2026-10-08T03:20:50.7189162Z ##[endgroup]
2026-10-08T03:20:51.1385249Z ##[group]Run actions/upload-pages-artifact@56afc609e74202658d3ffba0e8f6dda462b719fa
2026-10-08T03:20:51.1385709Z with:
2026-10-08T03:20:51.1385954Z   path: prototypes/browser-workspace
2026-10-08T03:20:51.1386236Z   name: github-pages
2026-10-08T03:20:51.1386467Z   retention-days: 1
2026-10-08T03:20:51.1386675Z env:
2026-10-08T03:20:51.1386871Z   GITHUB_PAGES: true
2026-10-08T03:20:51.1387273Z ##[endgroup]
2026-10-08T03:20:51.1451746Z ##[start-action display=Archive artifact;id=__actions_upload-pages-artifact.__run]
2026-10-08T03:20:51.1497477Z ##[group]Run echo ::group::Archive artifact
2026-10-08T03:20:51.1497894Z [36;1mecho ::group::Archive artifact[0m
2026-10-08T03:20:51.1498175Z [36;1mtar \[0m
2026-10-08T03:20:51.1498424Z [36;1m  --dereference --hard-dereference \[0m
2026-10-08T03:20:51.1498712Z [36;1m  --directory "$INPUT_PATH" \[0m
2026-10-08T03:20:51.1499136Z [36;1m  -cvf "$RUNNER_TEMP/artifact.tar" \[0m
2026-10-08T03:20:51.1499406Z [36;1m  --exclude=.git \[0m
2026-10-08T03:20:51.1499688Z [36;1m  --exclude=.github \[0m
2026-10-08T03:20:51.1499917Z [36;1m  .[0m
2026-10-08T03:20:51.1500121Z [36;1mecho ::endgroup::[0m
2026-10-08T03:20:51.1517377Z shell: /usr/bin/sh -e {0}
2026-10-08T03:20:51.1517643Z env:
2026-10-08T03:20:51.1517844Z   GITHUB_PAGES: true
2026-10-08T03:20:51.1518102Z   INPUT_PATH: prototypes/browser-workspace
2026-10-08T03:20:51.1518380Z ##[endgroup]
2026-10-08T03:20:51.1545994Z ##[group]Archive artifact
2026-10-08T03:20:51.1557502Z ./
2026-10-08T03:20:51.1557923Z ./storage.js
2026-10-08T03:20:51.1558385Z ./pen-input.js
2026-10-08T03:20:51.1558694Z ./render.js
2026-10-08T03:20:51.1558995Z ./brushes.js
2026-10-08T03:20:51.1559295Z ./manifest.webmanifest
2026-10-08T03:20:51.1559651Z ./pressure-ui.js
2026-10-08T03:20:51.1559899Z ./selection.js
2026-10-08T03:20:51.1560109Z ./index.html
2026-10-08T03:20:51.1560339Z ./gestures.js
2026-10-08T03:20:51.1560533Z ./sw.js
2026-10-08T03:20:51.1560725Z ./icon.svg
2026-10-08T03:20:51.1560917Z ./app.js
2026-10-08T03:20:51.1561188Z ./README.md
2026-10-08T03:20:51.1561450Z ./u2.js
2026-10-08T03:20:51.1561702Z ./style.css
2026-10-08T03:20:51.1561997Z ./shapes.js
2026-10-08T03:20:51.1562436Z ./model.js
2026-10-08T03:20:51.1563015Z ##[endgroup]
2026-10-08T03:20:51.1573198Z ##[end-action id=__actions_upload-pages-artifact.__run;outcome=success;conclusion=success;duration_ms=12]
2026-10-08T03:20:51.1576516Z ##[start-action display=Archive artifact;id=__actions_upload-pages-artifact.__run_2]
2026-10-08T03:20:51.1582034Z ##[end-action id=__actions_upload-pages-artifact.__run_2;outcome=skipped;conclusion=skipped;duration_ms=0]
2026-10-08T03:20:51.1584744Z ##[start-action display=Archive artifact;id=__actions_upload-pages-artifact.__run_3]
2026-10-08T03:20:51.1588613Z ##[end-action id=__actions_upload-pages-artifact.__run_3;outcome=skipped;conclusion=skipped;duration_ms=0]
2026-10-08T03:20:51.1590510Z ##[start-action display=Upload artifact;id=__actions_upload-pages-artifact.upload-artifact]
2026-10-08T03:20:51.1652781Z ##[group]Run actions/upload-artifact@v4
2026-10-08T03:20:51.1653084Z with:
2026-10-08T03:20:51.1653290Z   name: github-pages
2026-10-08T03:20:51.1653543Z   path: /home/runner/work/_temp/artifact.tar
2026-10-08T03:20:51.1653839Z   retention-days: 1
2026-10-08T03:20:51.1654064Z   if-no-files-found: error
2026-10-08T03:20:51.1654307Z   compression-level: 6
2026-10-08T03:20:51.1654528Z   overwrite: false
2026-10-08T03:20:51.1654769Z   include-hidden-files: false
2026-10-08T03:20:51.1655005Z env:
2026-10-08T03:20:51.1655196Z   GITHUB_PAGES: true
2026-10-08T03:20:51.1655406Z ##[endgroup]
2026-10-08T03:20:51.3245254Z (node:2191) [DEP0040] DeprecationWarning: The `punycode` module is deprecated. Please use a userland alternative instead.
2026-10-08T03:20:51.3246425Z (Use `node --trace-deprecation ...` to show where the warning was created)
2026-10-08T03:20:51.3289768Z With the provided path, there will be 1 file uploaded
2026-10-08T03:20:51.3306018Z Artifact name is valid!
2026-10-08T03:20:51.3307503Z Root directory input is valid!
2026-10-08T03:20:51.6860794Z Beginning upload of artifact content to blob storage
2026-10-08T03:20:51.7073128Z (node:2191) [DEP0169] DeprecationWarning: `url.parse()` behavior is not standardized and prone to errors that have security implications. Use the WHATWG URL API instead. CVEs are not issued for `url.parse()` vulnerabilities.
2026-10-08T03:20:52.0334277Z Uploaded bytes 48250
2026-10-08T03:20:52.0960078Z Finished uploading artifact content to blob storage!
2026-10-08T03:20:52.0960988Z SHA256 digest of uploaded artifact zip is cc26a49a7bd2c90a15bfb05d8b9a0e1f00cc4b43fefffc913292a8b403cf8d00
2026-10-08T03:20:52.0961735Z Finalizing artifact upload
2026-10-08T03:20:52.3329169Z Artifact github-pages.zip successfully finalized. Artifact ID 11525977774
2026-10-08T03:20:52.3329966Z Artifact github-pages has been successfully uploaded! Final size is 48250 bytes. Artifact ID is 11525977774
2026-10-08T03:20:52.3337754Z Artifact download URL: https://github.com/lionellmisquitta/unruly/actions/runs/37722268828/artifacts/11525977774
2026-10-08T03:20:52.3442558Z ##[end-action id=__actions_upload-pages-artifact.upload-artifact;outcome=success;conclusion=success;duration_ms=1185]
2026-10-08T03:20:52.3516056Z ##[group]Run actions/deploy-pages@d6db90164ac5ed86f2b6aed7e0febac5b3c0c03e
2026-10-08T03:20:52.3516447Z with:
2026-10-08T03:20:52.3518994Z   token: ***
2026-10-08T03:20:52.3519221Z   timeout: 600000
2026-10-08T03:20:52.3519435Z   error_count: 10
2026-10-08T03:20:52.3519656Z   reporting_interval: 5000
2026-10-08T03:20:52.3519927Z   artifact_name: github-pages
2026-10-08T03:20:52.3520213Z   preview: false
2026-10-08T03:20:52.3520426Z env:
2026-10-08T03:20:52.3520626Z   GITHUB_PAGES: true
2026-10-08T03:20:52.3520849Z ##[endgroup]
2026-10-08T03:20:52.5262418Z (node:2203) [DEP0040] DeprecationWarning: The `punycode` module is deprecated. Please use a userland alternative instead.
2026-10-08T03:20:52.5263211Z (Use `node --trace-deprecation ...` to show where the warning was created)
2026-10-08T03:20:52.7357332Z Fetching artifact metadata for "github-pages" in this workflow run
2026-10-08T03:20:52.9605821Z Found 1 artifact(s)
2026-10-08T03:20:52.9621173Z Creating Pages deployment with payload:
2026-10-08T03:20:52.9621720Z {
2026-10-08T03:20:52.9622022Z 	"artifact_id": 11525977774,
2026-10-08T03:20:52.9622578Z 	"pages_build_version": "25bb1b28bd9f6442806bf257506b568e6ada4ac7",
2026-10-08T03:20:52.9699203Z 	"oidc_token": "***"
2026-10-08T03:20:52.9699835Z }
2026-10-08T03:20:53.7712122Z Created deployment for 25bb1b28bd9f6442806bf257506b568e6ada4ac7, ID: 25bb1b28bd9f6442806bf257506b568e6ada4ac7
2026-10-08T03:20:58.7732535Z Getting Pages deployment status...
2026-10-08T03:20:59.0542479Z Reported success!
2026-10-08T03:20:59.0672087Z ##[group]Run set -euo pipefail
2026-10-08T03:20:59.0672418Z [36;1mset -euo pipefail[0m
2026-10-08T03:20:59.0672680Z [36;1mmkdir -p /tmp/unruly-hosted[0m
2026-10-08T03:20:59.0673016Z [36;1mfor source in prototypes/browser-workspace/*; do[0m
2026-10-08T03:20:59.0673354Z [36;1m  asset=$(basename "$source")[0m
2026-10-08T03:20:59.0673616Z [36;1m  matched=false[0m
2026-10-08T03:20:59.0673852Z [36;1m  for attempt in $(seq 1 12); do[0m
2026-10-08T03:20:59.0674702Z [36;1m    if curl --fail --silent --show-error "https://lionellmisquitta.github.io/unruly/$asset?curve1=d522e76417a91b8d1a4636010ae10a2c7d53f9b7" -o "/tmp/unruly-hosted/$asset" && cmp --silent "$source" "/tmp/unruly-hosted/$asset"; then[0m
2026-10-08T03:20:59.0675488Z [36;1m      matched=true[0m
2026-10-08T03:20:59.0675717Z [36;1m      break[0m
2026-10-08T03:20:59.0675934Z [36;1m    fi[0m
2026-10-08T03:20:59.0676129Z [36;1m    sleep 5[0m
2026-10-08T03:20:59.0676328Z [36;1m  done[0m
2026-10-08T03:20:59.0676573Z [36;1m  test "$matched" = true[0m
2026-10-08T03:20:59.0676849Z [36;1m  sha256sum "/tmp/unruly-hosted/$asset"[0m
2026-10-08T03:20:59.0677392Z [36;1mdone[0m
2026-10-08T03:20:59.0715267Z shell: /usr/bin/bash --noprofile --norc -e -o pipefail {0}
2026-10-08T03:20:59.0715602Z env:
2026-10-08T03:20:59.0715814Z   GITHUB_PAGES: true
2026-10-08T03:20:59.0716035Z ##[endgroup]
2026-10-08T03:20:59.4305420Z 3067a214433b4d8be2ba736f5b745b09aa624bcdbe40db30f2be4a9a4422c3b4  /tmp/unruly-hosted/README.md
2026-10-08T03:20:59.6296108Z 93aad56ca94bff5a5581ad8aa255a100978a2f8008d20c5a5813d606fa27c921  /tmp/unruly-hosted/app.js
2026-10-08T03:20:59.7483607Z b0c3fba3a1a03040c073a5d15787ef01505c244bd9c5d637ee4f632cfb5d9985  /tmp/unruly-hosted/brushes.js
2026-10-08T03:21:00.0410219Z 062e358c2cbb821637c4c15701d6b08fa5704dfc08963caf91231f8de7937a77  /tmp/unruly-hosted/gestures.js
2026-10-08T03:21:00.3298176Z bad6283a3938a5a9cad3628c4449262823849ea75cc3eb94adc7fdb3dbf00636  /tmp/unruly-hosted/icon.svg
2026-10-08T03:21:00.6211452Z 9726096de1219103788a8bd47557addff292ec04176fe217780173c97e399d69  /tmp/unruly-hosted/index.html
2026-10-08T03:21:00.8985389Z 37d4bd6fc8f2a9b3eff94df7f217693d808e2a159836f6a210adfa49becb32ea  /tmp/unruly-hosted/manifest.webmanifest
2026-10-08T03:21:01.1713830Z b24132062545171afaac5140172310720ff5fbbfab167e333b73417be71382eb  /tmp/unruly-hosted/model.js
2026-10-08T03:21:01.3020820Z 7725bdae9aebc178a3caae9c77ad4b2b3486eaa9655c929837cf088cae4d317b  /tmp/unruly-hosted/pen-input.js
2026-10-08T03:21:01.5368198Z da067b06165d062a57e1d648f0b63a6ea1caa0972955d383dc1a369ebc787e08  /tmp/unruly-hosted/pressure-ui.js
2026-10-08T03:21:01.6671519Z b3b5c8bce566822195fa06a8f3f8096a7df72c75b6cb54e5aa42653bdde17724  /tmp/unruly-hosted/render.js
2026-10-08T03:21:01.7944302Z 2a39ee2678addf9f9d62480518cf22b68fc734cc45b54f1c1ee2b5613c766843  /tmp/unruly-hosted/selection.js
2026-10-08T03:21:01.9154202Z 7bd2c3e63038fa08ba13431cf40df0ec0116bcdf3b55307d8f05bd0bc3969253  /tmp/unruly-hosted/shapes.js
2026-10-08T03:21:02.1764794Z 87ca0271ede09256301a14350b79808dd0de53f939ccffc3d489826d62245791  /tmp/unruly-hosted/storage.js
2026-10-08T03:21:02.3132637Z 1f9b0bd5ed53d1cf5e1647cdda02bf3a1aeefb136c07840e9e198e3949844a5b  /tmp/unruly-hosted/style.css
2026-10-08T03:21:02.4317384Z 19520d2496532a4d7990e58fa618712456f7d7e42e5f9a41208393661eaef2e9  /tmp/unruly-hosted/sw.js
2026-10-08T03:21:02.6971120Z bf5703d976af17eee50d23d476c84ba01e9d6e75653ce068e4227003ec9e70d7  /tmp/unruly-hosted/u2.js
2026-10-08T03:21:02.7060411Z Post job cleanup.
2026-10-08T03:21:02.7840802Z [command]/usr/bin/git version
2026-10-08T03:21:02.7877611Z git version 2.55.0
2026-10-08T03:21:02.7907588Z Temporarily overriding HOME='/home/runner/work/_temp/f198cae0-e0f3-4184-a63f-424eebe2c43f' before making global git config changes
2026-10-08T03:21:02.7908927Z Adding repository directory to the temporary git global config as a safe directory
2026-10-08T03:21:02.7911941Z [command]/usr/bin/git config --global --add safe.directory /home/runner/work/unruly/unruly
2026-10-08T03:21:02.7946745Z [command]/usr/bin/git config --local --name-only --get-regexp core\.sshCommand
2026-10-08T03:21:02.7975651Z [command]/usr/bin/git submodule foreach --recursive sh -c "git config --local --name-only --get-regexp 'core\.sshCommand' && git config --local --unset-all 'core.sshCommand' || :"
2026-10-08T03:21:02.8183020Z [command]/usr/bin/git config --local --name-only --get-regexp http\.https\:\/\/github\.com\/\.extraheader
2026-10-08T03:21:02.8212410Z [command]/usr/bin/git submodule foreach --recursive sh -c "git config --local --name-only --get-regexp 'http\.https\:\/\/github\.com\/\.extraheader' && git config --local --unset-all 'http.https://github.com/.extraheader' || :"
2026-10-08T03:21:02.8417800Z [command]/usr/bin/git config --local --name-only --get-regexp ^includeIf\.gitdir:
2026-10-08T03:21:02.8454788Z [command]/usr/bin/git submodule foreach --recursive git config --local --show-origin --name-only --get-regexp remote.origin.url
2026-10-08T03:21:02.8797836Z Evaluate and set environment url
2026-10-08T03:21:02.8803568Z Evaluated environment url: https://lionellmisquitta.github.io/unruly/
2026-10-08T03:21:02.8805151Z Cleaning up orphan processes
2026-10-08T03:21:02.9023030Z ##[warning]Node.js 20 is deprecated. The following actions target Node.js 20 but are being forced to run on Node.js 24: actions/checkout@11d5960a326750d5838078e36cf38b85af677262, actions/configure-pages@983d7736d9b0ae728b81ab479565c72886d7745b, actions/deploy-pages@d6db90164ac5ed86f2b6aed7e0febac5b3c0c03e, actions/upload-artifact@v4. For more information see: https://github.blog/changelog/2025-09-19-deprecation-of-node-20-on-github-actions-runners/

